tests/asm-fail/ldr_shift_reg.s:1:24: Shift by register not supported in SDT instructions
