tests/asm-fail/ldr_minus_shift_reg.s:1:25: Shift by register not supported in SDT instructions
