tests/asm-fail/ldr_plus_shift_regs.s:1:25: Shift by register not supported in SDT instructions
